[    4702ms] [ERROR] WebSocket connection to 'wss://web-production-c7981.up.railway.app/socket.io/?EIO=4&transport=websocket' failed: Error during WebSocket handshake: Unexpected response code: 502 @ https://www.plot-twists.com/_next/static/chunks/3eb5da2c8d516bea.js:0
[    4702ms] [ERROR] [ERROR] Socket connection error: L: websocket error
    at websocket.onError (https://www.plot-twists.com/_next/static/chunks/3eb5da2c8d516bea.js:1:4396)
    at ws.onerror (https://www.plot-twists.com/_next/static/chunks/3eb5da2c8d516bea.js:1:10638) @ https://www.plot-twists.com/_next/static/chunks/be6688ff89b2e839.js:8
[    6962ms] [ERROR] WebSocket connection to 'wss://web-production-c7981.up.railway.app/socket.io/?EIO=4&transport=websocket' failed: Error during WebSocket handshake: Unexpected response code: 502 @ https://www.plot-twists.com/_next/static/chunks/3eb5da2c8d516bea.js:0
[    6962ms] [ERROR] [ERROR] Socket connection error: L: websocket error
    at websocket.onError (https://www.plot-twists.com/_next/static/chunks/3eb5da2c8d516bea.js:1:4396)
    at ws.onerror (https://www.plot-twists.com/_next/static/chunks/3eb5da2c8d516bea.js:1:10638) @ https://www.plot-twists.com/_next/static/chunks/be6688ff89b2e839.js:8
[    9643ms] [ERROR] WebSocket connection to 'wss://web-production-c7981.up.railway.app/socket.io/?EIO=4&transport=websocket' failed: Error during WebSocket handshake: Unexpected response code: 502 @ https://www.plot-twists.com/_next/static/chunks/3eb5da2c8d516bea.js:0
[    9643ms] [ERROR] [ERROR] Socket connection error: L: websocket error
    at websocket.onError (https://www.plot-twists.com/_next/static/chunks/3eb5da2c8d516bea.js:1:4396)
    at ws.onerror (https://www.plot-twists.com/_next/static/chunks/3eb5da2c8d516bea.js:1:10638) @ https://www.plot-twists.com/_next/static/chunks/be6688ff89b2e839.js:8
[   13442ms] [ERROR] WebSocket connection to 'wss://web-production-c7981.up.railway.app/socket.io/?EIO=4&transport=websocket' failed: Error during WebSocket handshake: Unexpected response code: 502 @ https://www.plot-twists.com/_next/static/chunks/3eb5da2c8d516bea.js:0
[   13442ms] [ERROR] [ERROR] Socket connection error: L: websocket error
    at websocket.onError (https://www.plot-twists.com/_next/static/chunks/3eb5da2c8d516bea.js:1:4396)
    at ws.onerror (https://www.plot-twists.com/_next/static/chunks/3eb5da2c8d516bea.js:1:10638) @ https://www.plot-twists.com/_next/static/chunks/be6688ff89b2e839.js:8
[   21950ms] [ERROR] WebSocket connection to 'wss://web-production-c7981.up.railway.app/socket.io/?EIO=4&transport=websocket' failed: Error during WebSocket handshake: Unexpected response code: 502 @ https://www.plot-twists.com/_next/static/chunks/3eb5da2c8d516bea.js:0
[   21951ms] [ERROR] [ERROR] Socket connection error: L: websocket error
    at websocket.onError (https://www.plot-twists.com/_next/static/chunks/3eb5da2c8d516bea.js:1:4396)
    at ws.onerror (https://www.plot-twists.com/_next/static/chunks/3eb5da2c8d516bea.js:1:10638) @ https://www.plot-twists.com/_next/static/chunks/be6688ff89b2e839.js:8
[   35966ms] [ERROR] WebSocket connection to 'wss://web-production-c7981.up.railway.app/socket.io/?EIO=4&transport=websocket' failed: Error during WebSocket handshake: Unexpected response code: 502 @ https://www.plot-twists.com/_next/static/chunks/3eb5da2c8d516bea.js:0
[   35966ms] [ERROR] [ERROR] Socket connection error: L: websocket error
    at websocket.onError (https://www.plot-twists.com/_next/static/chunks/3eb5da2c8d516bea.js:1:4396)
    at ws.onerror (https://www.plot-twists.com/_next/static/chunks/3eb5da2c8d516bea.js:1:10638) @ https://www.plot-twists.com/_next/static/chunks/be6688ff89b2e839.js:8
