[    1493ms] [ERROR] WebSocket connection to 'wss://web-production-c7981.up.railway.app/socket.io/?EIO=4&transport=websocket' failed: Error during WebSocket handshake: Unexpected response code: 502 @ https://www.plot-twists.com/_next/static/chunks/3eb5da2c8d516bea.js:0
[    1493ms] [ERROR] [ERROR] Socket connection error: L: websocket error
    at websocket.onError (https://www.plot-twists.com/_next/static/chunks/3eb5da2c8d516bea.js:1:4396)
    at ws.onerror (https://www.plot-twists.com/_next/static/chunks/3eb5da2c8d516bea.js:1:10638) @ https://www.plot-twists.com/_next/static/chunks/be6688ff89b2e839.js:8
[    3584ms] [ERROR] WebSocket connection to 'wss://web-production-c7981.up.railway.app/socket.io/?EIO=4&transport=websocket' failed: Error during WebSocket handshake: Unexpected response code: 502 @ https://www.plot-twists.com/_next/static/chunks/3eb5da2c8d516bea.js:0
[    3584ms] [ERROR] [ERROR] Socket connection error: L: websocket error
    at websocket.onError (https://www.plot-twists.com/_next/static/chunks/3eb5da2c8d516bea.js:1:4396)
    at ws.onerror (https://www.plot-twists.com/_next/static/chunks/3eb5da2c8d516bea.js:1:10638) @ https://www.plot-twists.com/_next/static/chunks/be6688ff89b2e839.js:8
[    7513ms] [ERROR] WebSocket connection to 'wss://web-production-c7981.up.railway.app/socket.io/?EIO=4&transport=websocket' failed: Error during WebSocket handshake: Unexpected response code: 502 @ https://www.plot-twists.com/_next/static/chunks/3eb5da2c8d516bea.js:0
[    7513ms] [ERROR] [ERROR] Socket connection error: L: websocket error
    at websocket.onError (https://www.plot-twists.com/_next/static/chunks/3eb5da2c8d516bea.js:1:4396)
    at ws.onerror (https://www.plot-twists.com/_next/static/chunks/3eb5da2c8d516bea.js:1:10638) @ https://www.plot-twists.com/_next/static/chunks/be6688ff89b2e839.js:8
[   14629ms] [ERROR] WebSocket connection to 'wss://web-production-c7981.up.railway.app/socket.io/?EIO=4&transport=websocket' failed: Error during WebSocket handshake: Unexpected response code: 502 @ https://www.plot-twists.com/_next/static/chunks/3eb5da2c8d516bea.js:0
[   14629ms] [ERROR] [ERROR] Socket connection error: L: websocket error
    at websocket.onError (https://www.plot-twists.com/_next/static/chunks/3eb5da2c8d516bea.js:1:4396)
    at ws.onerror (https://www.plot-twists.com/_next/static/chunks/3eb5da2c8d516bea.js:1:10638) @ https://www.plot-twists.com/_next/static/chunks/be6688ff89b2e839.js:8
[   20489ms] [ERROR] WebSocket connection to 'wss://web-production-c7981.up.railway.app/socket.io/?EIO=4&transport=websocket' failed: Error during WebSocket handshake: Unexpected response code: 502 @ https://www.plot-twists.com/_next/static/chunks/3eb5da2c8d516bea.js:0
[   20490ms] [ERROR] [ERROR] Socket connection error: L: websocket error
    at websocket.onError (https://www.plot-twists.com/_next/static/chunks/3eb5da2c8d516bea.js:1:4396)
    at ws.onerror (https://www.plot-twists.com/_next/static/chunks/3eb5da2c8d516bea.js:1:10638) @ https://www.plot-twists.com/_next/static/chunks/be6688ff89b2e839.js:8
[   35350ms] [ERROR] WebSocket connection to 'wss://web-production-c7981.up.railway.app/socket.io/?EIO=4&transport=websocket' failed: Error during WebSocket handshake: Unexpected response code: 502 @ https://www.plot-twists.com/_next/static/chunks/3eb5da2c8d516bea.js:0
[   35350ms] [ERROR] [ERROR] Socket connection error: L: websocket error
    at websocket.onError (https://www.plot-twists.com/_next/static/chunks/3eb5da2c8d516bea.js:1:4396)
    at ws.onerror (https://www.plot-twists.com/_next/static/chunks/3eb5da2c8d516bea.js:1:10638) @ https://www.plot-twists.com/_next/static/chunks/be6688ff89b2e839.js:8
