[     248ms] [ERROR] Loading the script 'https://cloud.umami.is/script.js' violates the following Content Security Policy directive: "script-src 'self' 'unsafe-inline' 'unsafe-eval'". Note that 'script-src-elem' was not explicitly set, so 'script-src' is used as a fallback. The action has been blocked. @ http://localhost:3000/:0
[     456ms] [ERROR] A tree hydrated but some attributes of the server rendered HTML didn't match the client properties. This won't be patched up. This can happen if a SSR-ed Client Component used:

- A server/client branch `if (typeof window !== 'undefined')`.
- Variable input such as `Date.now()` or `Math.random()` which changes each time it's called.
- Date formatting in a user's locale which doesn't match the server.
- External changing data without sending a snapshot of it along with the HTML.
- Invalid HTML tag nesting.

It can also happen if the client has a browser extension installed which messes with the HTML before React loaded.

%s%s https://react.dev/link/hydration-mismatch 

  ...
    <HotReload globalError={[...]} webSocket={WebSocket} staticIndicatorState={{pathname:null, ...}}>
      <AppDevOverlayErrorBoundary globalError={[...]}>
        <ReplaySsrOnlyErrors>
        <DevRootHTTPAccessFallbackBoundary>
          <HTTPAccessFallbackBoundary notFound={<NotAllowedRootHTTPFallbackError>}>
            <HTTPAccessFallbackErrorBoundary pathname="/" notFound={<NotAllowedRootHTTPFallbackError>} ...>
              <RedirectBoundary>
                <RedirectErrorBoundary router={{...}}>
                  <Head>
                  <__next_root_layout_boundary__>
                    <SegmentViewNode type="layout" pagePath="layout.tsx">
                      <SegmentTrieNode>
                      <link>
                      <script>
                      <script>
                      <RootLayout>
                        <html lang="en">
                          <head>
                          <body className="w95fa_ee3e...">
                            <style>
                            <div id="app-loading">
                              <div
                                id="boot-container"
                                style={{
+                                 display: "none"
-                                 display: "flex"
+                                 flexDirection: "column"
+                                 gap: "4px"
+                                 padding: "40px"
-                                 flex-direction: "column"
-                                 row-gap: "4px"
-                                 column-gap: "4px"
-                                 padding-top: "40px"
-                                 padding-right: "40px"
-                                 padding-bottom: "40px"
-                                 padding-left: "40px"
                                }}
                              >
                                <div>
                                <div
+                                 className="boot-line"
-                                 className="boot-line visible"
                                  data-boot="0"
                                >
+                                 BIOS v1.0 — HIGH DESERT SYSTEMS
                                <div
+                                 className="boot-line"
-                                 className="boot-line visible"
                                  data-boot="1"
                                >
+                                 MEMORY TEST... 640K OK
                                ...
                              ...
                            ...
                  ...
 @ http://localhost:3000/_next/static/chunks/node_modules_next_dist_f3530cac._.js:3127
[     486ms] [ERROR] Loading the script 'https://va.vercel-scripts.com/v1/script.debug.js' violates the following Content Security Policy directive: "script-src 'self' 'unsafe-inline' 'unsafe-eval'". Note that 'script-src-elem' was not explicitly set, so 'script-src' is used as a fallback. The action has been blocked. @ http://localhost:3000/_next/static/chunks/_fafde063._.js:173
[     487ms] [ERROR] Loading the script 'https://va.vercel-scripts.com/v1/speed-insights/script.debug.js' violates the following Content Security Policy directive: "script-src 'self' 'unsafe-inline' 'unsafe-eval'". Note that 'script-src-elem' was not explicitly set, so 'script-src' is used as a fallback. The action has been blocked. @ http://localhost:3000/_next/static/chunks/_fafde063._.js:397
